###############################################################################
#
# IAR ELF Linker V7.50.2.10312/W32 for ARM                06/Mar/2020  21:24:36
# Copyright 2007-2015 IAR Systems AB.
#
#    Output file  =  
#        D:\USER\(D)\대학\RATS\소프트웨어\cubemx\test\FreeRTOS\Balancing\test\EWARM\test\Exe\test.out
#    Map file     =  
#        D:\USER\(D)\대학\RATS\소프트웨어\cubemx\test\FreeRTOS\Balancing\test\EWARM\test\List\test.map
#    Command line =  
#        "D:\USER\(D)\대학\RATS\소프트웨어\cubemx\test\FreeRTOS\Balancing\test\EWARM\test\Obj\main.o"
#        "D:\USER\(D)\대학\RATS\소프트웨어\cubemx\test\FreeRTOS\Balancing\test\EWARM\test\Obj\startup_stm32f407xx.o"
#        "D:\USER\(D)\대학\RATS\소프트웨어\cubemx\test\FreeRTOS\Balancing\test\EWARM\test\Obj\stm32f4xx_hal.o"
#        "D:\USER\(D)\대학\RATS\소프트웨어\cubemx\test\FreeRTOS\Balancing\test\EWARM\test\Obj\stm32f4xx_hal_cortex.o"
#        "D:\USER\(D)\대학\RATS\소프트웨어\cubemx\test\FreeRTOS\Balancing\test\EWARM\test\Obj\stm32f4xx_hal_dma.o"
#        "D:\USER\(D)\대학\RATS\소프트웨어\cubemx\test\FreeRTOS\Balancing\test\EWARM\test\Obj\stm32f4xx_hal_dma_ex.o"
#        "D:\USER\(D)\대학\RATS\소프트웨어\cubemx\test\FreeRTOS\Balancing\test\EWARM\test\Obj\stm32f4xx_hal_flash.o"
#        "D:\USER\(D)\대학\RATS\소프트웨어\cubemx\test\FreeRTOS\Balancing\test\EWARM\test\Obj\stm32f4xx_hal_flash_ex.o"
#        "D:\USER\(D)\대학\RATS\소프트웨어\cubemx\test\FreeRTOS\Balancing\test\EWARM\test\Obj\stm32f4xx_hal_flash_ramfunc.o"
#        "D:\USER\(D)\대학\RATS\소프트웨어\cubemx\test\FreeRTOS\Balancing\test\EWARM\test\Obj\stm32f4xx_hal_gpio.o"
#        "D:\USER\(D)\대학\RATS\소프트웨어\cubemx\test\FreeRTOS\Balancing\test\EWARM\test\Obj\stm32f4xx_hal_i2c.o"
#        "D:\USER\(D)\대학\RATS\소프트웨어\cubemx\test\FreeRTOS\Balancing\test\EWARM\test\Obj\stm32f4xx_hal_i2c_ex.o"
#        "D:\USER\(D)\대학\RATS\소프트웨어\cubemx\test\FreeRTOS\Balancing\test\EWARM\test\Obj\stm32f4xx_hal_msp.o"
#        "D:\USER\(D)\대학\RATS\소프트웨어\cubemx\test\FreeRTOS\Balancing\test\EWARM\test\Obj\stm32f4xx_hal_pwr.o"
#        "D:\USER\(D)\대학\RATS\소프트웨어\cubemx\test\FreeRTOS\Balancing\test\EWARM\test\Obj\stm32f4xx_hal_pwr_ex.o"
#        "D:\USER\(D)\대학\RATS\소프트웨어\cubemx\test\FreeRTOS\Balancing\test\EWARM\test\Obj\stm32f4xx_hal_rcc.o"
#        "D:\USER\(D)\대학\RATS\소프트웨어\cubemx\test\FreeRTOS\Balancing\test\EWARM\test\Obj\stm32f4xx_hal_rcc_ex.o"
#        "D:\USER\(D)\대학\RATS\소프트웨어\cubemx\test\FreeRTOS\Balancing\test\EWARM\test\Obj\stm32f4xx_hal_tim.o"
#        "D:\USER\(D)\대학\RATS\소프트웨어\cubemx\test\FreeRTOS\Balancing\test\EWARM\test\Obj\stm32f4xx_hal_tim_ex.o"
#        "D:\USER\(D)\대학\RATS\소프트웨어\cubemx\test\FreeRTOS\Balancing\test\EWARM\test\Obj\stm32f4xx_it.o"
#        "D:\USER\(D)\대학\RATS\소프트웨어\cubemx\test\FreeRTOS\Balancing\test\EWARM\test\Obj\system_stm32f4xx.o"
#        --redirect _Printf=_PrintfFull --redirect _Scanf=_ScanfFull -o
#        "D:\USER\(D)\대학\RATS\소프트웨어\cubemx\test\FreeRTOS\Balancing\test\EWARM\test\Exe\test.out"
#        --map
#        "D:\USER\(D)\대학\RATS\소프트웨어\cubemx\test\FreeRTOS\Balancing\test\EWARM\test\List\test.map"
#        --config
#        "D:\USER\(D)\대학\RATS\소프트웨어\cubemx\test\FreeRTOS\Balancing\test\EWARM/stm32f407xx_flash.icf"
#        --semihosting --entry __iar_program_start --vfe
#
###############################################################################

*******************************************************************************
*** RUNTIME MODEL ATTRIBUTES
***

CppFlavor                     = *
__Heap_Handler                = Basic
__SystemLibrary               = DLib
__dlib_dynamic_initialization = normal


*******************************************************************************
*** PLACEMENT SUMMARY
***

"A1":  place at 0x08000000 { ro section .intvec };
"P1":  place in [from 0x08000000 to 0x080fffff] { ro };
"P2":  place in [from 0x20000000 to 0x2001ffff] { rw, block CSTACK, block HEAP };

  Section             Kind        Address    Size  Object
  -------             ----        -------    ----  ------
"A1":                                       0x188
  .intvec             ro code  0x08000000   0x188  startup_stm32f407xx.o [1]
                             - 0x08000188   0x188

"P1":                                      0x38a2
  .text               ro code  0x08000188  0x1166  xprintffull.o [3]
  .text               ro code  0x080012ee    0x20  xmbtowc.o [3]
  .text               ro code  0x08001310    0x16  strchr.o [5]
  .text               ro code  0x08001328    0x36  strlen.o [5]
  .text               ro code  0x08001360    0x58  memchr.o [5]
  .text               ro code  0x080013b8     0xa  xmbcurmax.o [3]
  .text               ro code  0x080013c4    0xb0  xxmemxmalloc.o [3]
  .text               ro code  0x08001474    0x1a  xwctomb.o [3]
  .text               ro code  0x08001490    0x76  ABImemcpy_unaligned.o [5]
  .text               ro code  0x08001508    0x80  xxmemxfree.o [3]
  .text               ro code  0x08001588    0xee  I64DivMod.o [5]
  .text               ro code  0x08001676    0x42  xdnorm.o [4]
  .text               ro code  0x080016b8    0x2e  DblCmpLe.o [4]
  .text               ro code  0x080016e8    0x2e  DblCmpGe.o [4]
  .text               ro code  0x08001718   0x114  xdscale.o [4]
  .text               ro code  0x0800182c    0x58  DblToI32.o [4]
  .text               ro code  0x08001884    0x30  I32ToDbl.o [4]
  .text               ro code  0x080018b4   0x180  DblSub.o [4]
  .text               ro code  0x08001a34   0x1a2  DblMul.o [4]
  .text               ro code  0x08001bd8   0x256  DblDiv.o [4]
  .text               ro code  0x08001e30    0x6c  localeconv.o [3]
  .text               ro code  0x08001e9c     0xe  div.o [3]
  .text               ro code  0x08001eac    0x14  setlocale.o [3]
  .text               ro code  0x08001ec0    0x60  xencoding_sb.o [3]
  .text               ro code  0x08001f20    0x2c  xgetmemchunk.o [3]
  .text               ro code  0x08001f4c     0x2  I64DivZer.o [5]
  .text               ro code  0x08001f50    0xd4  DblAdd.o [4]
  .text               ro code  0x08002024     0x2  xtls.o [3]
  .text               ro code  0x08002028   0x60a  stm32f4xx_hal_i2c.o [1]
  .text               ro code  0x08002634    0xb4  stm32f4xx_hal_msp.o [1]
  .text               ro code  0x080026e8   0x42c  stm32f4xx_hal_rcc.o [1]
  .text               ro code  0x08002b14    0x70  stm32f4xx_hal.o [1]
  .text               ro code  0x08002b84    0xca  stm32f4xx_hal_cortex.o [1]
  .text               ro code  0x08002c50   0x1ec  stm32f4xx_hal_gpio.o [1]
  .text               ro code  0x08002e3c   0x1a4  main.o [1]
  .text               ro code  0x08002fe0    0x24  printf.o [3]
  .text               ro code  0x08003004    0xe0  XShHandles.o [3]
  .text               ro code  0x080030e4    0xd6  xfspos.o [3]
  .text               ro code  0x080031bc    0xb0  fflush.o [3]
  .text               ro code  0x0800326c     0xa  xfgpos.o [3]
  .text               ro code  0x08003276    0x4c  lseek.o [6]
  .text               ro code  0x080032c4     0xc  errno.o [3]
  .text               ro code  0x080032d0     0x4  xsyslock_nop.o [3]
  .text               ro code  0x080032d4    0x10  write.o [6]
  .text               ro code  0x080032e4    0x1e  dwrite.o [6]
  .text               ro code  0x08003302    0x20  iarwstd.o [6]
  .text               ro code  0x08003322    0x22  iarwrite.o [6]
  .text               ro code  0x08003344    0x6c  iarttio.o [6]
  .text               ro code  0x080033b0     0x8  XShttio.o [3]
  .text               ro code  0x080033b8    0xb6  xfwprep.o [3]
  .text               ro code  0x0800346e    0x22  fseek.o [3]
  .text               ro code  0x08003490    0x7c  xfofind.o [3]
  .text               ro code  0x0800350c    0x7a  fclose.o [3]
  .text               ro code  0x08003586    0x1a  close.o [6]
  .text               ro code  0x080035a0    0x16  remove.o [6]
  .text               ro code  0x080035b8    0x60  system_stm32f4xx.o [1]
  .text               ro code  0x08003618    0x58  xcloseall.o [3]
  .text               ro code  0x08003670    0x56  fputc.o [3]
  .text               ro code  0x080036c6    0x40  zero_init3.o [5]
  .text               ro code  0x08003706    0x38  packbits_init_single.o [5]
  .text               ro code  0x08003740    0x28  data_init.o [5]
  .text               ro code  0x08003768    0x22  fpinit_M.o [4]
  .iar.init_table     const    0x0800378c    0x20  - Linker created -
  .text               ro code  0x080037ac    0x1e  stm32f4xx_it.o [1]
  .text               ro code  0x080037cc    0x1a  cmain.o [5]
  .text               ro code  0x080037e6     0x4  low_level_init.o [3]
  .text               ro code  0x080037ea     0x4  exit.o [3]
  .text               ro code  0x080037f0     0xe  cexit.o [5]
  .text               ro code  0x08003800    0x14  exit.o [6]
  .text               ro code  0x08003814    0x16  xprout.o [3]
  .text               ro code  0x0800382c     0xc  putchar.o [3]
  .text               ro code  0x08003838    0x10  startup_stm32f407xx.o [1]
  .text               ro code  0x08003848     0xc  cstartup_M.o [5]
  .rodata             const    0x08003854     0x8  system_stm32f4xx.o [1]
  .text               ro code  0x0800385c     0x4  startup_stm32f407xx.o [1]
  .text               ro code  0x08003860     0x4  startup_stm32f407xx.o [1]
  .text               ro code  0x08003864     0x4  startup_stm32f407xx.o [1]
  .text               ro code  0x08003868     0x4  startup_stm32f407xx.o [1]
  .text               ro code  0x0800386c     0x4  startup_stm32f407xx.o [1]
  .text               ro code  0x08003870     0x4  startup_stm32f407xx.o [1]
  .text               ro code  0x08003874     0x4  startup_stm32f407xx.o [1]
  .text               ro code  0x08003878     0x4  startup_stm32f407xx.o [1]
  .text               ro code  0x0800387c     0x4  startup_stm32f407xx.o [1]
  .text               ro code  0x08003880     0x4  startup_stm32f407xx.o [1]
  .text               ro code  0x08003884     0x4  startup_stm32f407xx.o [1]
  .text               ro code  0x08003888     0x4  startup_stm32f407xx.o [1]
  .text               ro code  0x0800388c     0x4  startup_stm32f407xx.o [1]
  .text               ro code  0x08003890     0x4  startup_stm32f407xx.o [1]
  .text               ro code  0x08003894     0x4  startup_stm32f407xx.o [1]
  .text               ro code  0x08003898     0x4  startup_stm32f407xx.o [1]
  .text               ro code  0x0800389c     0x4  startup_stm32f407xx.o [1]
  .text               ro code  0x080038a0     0x4  startup_stm32f407xx.o [1]
  .text               ro code  0x080038a4     0x4  startup_stm32f407xx.o [1]
  .text               ro code  0x080038a8     0x4  startup_stm32f407xx.o [1]
  .text               ro code  0x080038ac     0x4  startup_stm32f407xx.o [1]
  .text               ro code  0x080038b0     0x4  startup_stm32f407xx.o [1]
  .text               ro code  0x080038b4     0x4  startup_stm32f407xx.o [1]
  .text               ro code  0x080038b8     0x4  startup_stm32f407xx.o [1]
  .text               ro code  0x080038bc     0x4  startup_stm32f407xx.o [1]
  .text               ro code  0x080038c0     0x4  startup_stm32f407xx.o [1]
  .text               ro code  0x080038c4     0x4  startup_stm32f407xx.o [1]
  .text               ro code  0x080038c8     0x4  startup_stm32f407xx.o [1]
  .text               ro code  0x080038cc     0x4  startup_stm32f407xx.o [1]
  .text               ro code  0x080038d0     0x4  startup_stm32f407xx.o [1]
  .text               ro code  0x080038d4     0x4  startup_stm32f407xx.o [1]
  .text               ro code  0x080038d8     0x4  startup_stm32f407xx.o [1]
  .text               ro code  0x080038dc     0x4  startup_stm32f407xx.o [1]
  .text               ro code  0x080038e0     0x4  startup_stm32f407xx.o [1]
  .text               ro code  0x080038e4     0x4  startup_stm32f407xx.o [1]
  .text               ro code  0x080038e8     0x4  startup_stm32f407xx.o [1]
  .text               ro code  0x080038ec     0x4  startup_stm32f407xx.o [1]
  .text               ro code  0x080038f0     0x4  startup_stm32f407xx.o [1]
  .text               ro code  0x080038f4     0x4  startup_stm32f407xx.o [1]
  .text               ro code  0x080038f8     0x4  startup_stm32f407xx.o [1]
  .text               ro code  0x080038fc     0x4  startup_stm32f407xx.o [1]
  .text               ro code  0x08003900     0x4  startup_stm32f407xx.o [1]
  .text               ro code  0x08003904     0x4  startup_stm32f407xx.o [1]
  .text               ro code  0x08003908     0x4  startup_stm32f407xx.o [1]
  .text               ro code  0x0800390c     0x4  startup_stm32f407xx.o [1]
  .text               ro code  0x08003910     0x4  startup_stm32f407xx.o [1]
  .text               ro code  0x08003914     0x4  startup_stm32f407xx.o [1]
  .text               ro code  0x08003918     0x4  startup_stm32f407xx.o [1]
  .text               ro code  0x0800391c     0x4  startup_stm32f407xx.o [1]
  .text               ro code  0x08003920     0x4  startup_stm32f407xx.o [1]
  .text               ro code  0x08003924     0x4  startup_stm32f407xx.o [1]
  .text               ro code  0x08003928     0x4  startup_stm32f407xx.o [1]
  .text               ro code  0x0800392c     0x4  startup_stm32f407xx.o [1]
  .text               ro code  0x08003930     0x4  startup_stm32f407xx.o [1]
  .text               ro code  0x08003934     0x4  startup_stm32f407xx.o [1]
  .text               ro code  0x08003938     0x4  startup_stm32f407xx.o [1]
  .text               ro code  0x0800393c     0x4  startup_stm32f407xx.o [1]
  .text               ro code  0x08003940     0x4  startup_stm32f407xx.o [1]
  .text               ro code  0x08003944     0x4  startup_stm32f407xx.o [1]
  .text               ro code  0x08003948     0x4  startup_stm32f407xx.o [1]
  .text               ro code  0x0800394c     0x4  startup_stm32f407xx.o [1]
  .text               ro code  0x08003950     0x4  startup_stm32f407xx.o [1]
  .text               ro code  0x08003954     0x4  startup_stm32f407xx.o [1]
  .text               ro code  0x08003958     0x4  startup_stm32f407xx.o [1]
  .text               ro code  0x0800395c     0x4  startup_stm32f407xx.o [1]
  .text               ro code  0x08003960     0x4  startup_stm32f407xx.o [1]
  .text               ro code  0x08003964     0x4  startup_stm32f407xx.o [1]
  .text               ro code  0x08003968     0x4  startup_stm32f407xx.o [1]
  .text               ro code  0x0800396c     0x4  startup_stm32f407xx.o [1]
  .text               ro code  0x08003970     0x4  startup_stm32f407xx.o [1]
  .text               ro code  0x08003974     0x4  startup_stm32f407xx.o [1]
  .text               ro code  0x08003978     0x4  startup_stm32f407xx.o [1]
  .text               ro code  0x0800397c     0x4  startup_stm32f407xx.o [1]
  .text               ro code  0x08003980     0x4  startup_stm32f407xx.o [1]
  .text               ro code  0x08003984     0x4  startup_stm32f407xx.o [1]
  .text               ro code  0x08003988     0x4  startup_stm32f407xx.o [1]
  .text               ro code  0x0800398c     0x4  startup_stm32f407xx.o [1]
  .text               ro code  0x08003990     0x4  startup_stm32f407xx.o [1]
  .text               ro code  0x08003994     0x4  startup_stm32f407xx.o [1]
  .text               ro code  0x08003998     0x4  startup_stm32f407xx.o [1]
  .text               ro code  0x0800399c     0x4  startup_stm32f407xx.o [1]
  .text               ro code  0x080039a0     0x0  cstart_closeall.o [5]
  .rodata             const    0x080039a0     0x0  zero_init3.o [5]
  .rodata             const    0x080039a0     0x0  packbits_init_single.o [5]
  Initializer bytes   const    0x080039a0    0x8a  <for P2-1>
                             - 0x08003a2a  0x38a2

"P2", part 1 of 3:                          0x1ec
  P2-1                         0x20000000   0x1ec  <Init block>
    .data             inited   0x20000000     0x4  system_stm32f4xx.o [1]
    .data             inited   0x20000004    0x40  xfiles.o [3]
    .data             inited   0x20000044    0x40  xfiles.o [3]
    .data             inited   0x20000084    0x40  xfiles.o [3]
    .data             inited   0x200000c4    0x20  xfiles.o [3]
    .data             inited   0x200000e4     0x8  XShttio.o [3]
    __DLIB_PERTHREAD  inited   0x200000ec    0x88  localeconv.o [3]
    __DLIB_PERTHREAD  inited   0x20000174    0x74  setlocale.o [3]
    __DLIB_PERTHREAD  inited   0x200001e8     0x4  errno.o [3]
                             - 0x200001ec   0x1ec

"P2", part 2 of 3:                          0x600
  CSTACK                       0x200001f0   0x400  <Block>
    CSTACK            uninit   0x200001f0   0x400  <Block tail>
  HEAP                         0x200005f0   0x200  <Block>
    HEAP              uninit   0x200005f0   0x200  <Block tail>
                             - 0x200007f0   0x600

"P2", part 3 of 3:                          0x184
  .bss                zero     0x200007f0    0x80  XShHandles.o [3]
  .bss                zero     0x20000870    0x54  main.o [1]
  .bss                zero     0x200008c4    0x50  xfiles.o [3]
  .bss                zero     0x20000914    0x50  xfiles.o [3]
  .bss                zero     0x20000964     0x8  xxmemxmalloc.o [3]
  .bss                zero     0x2000096c     0x4  stm32f4xx_hal.o [1]
  .bss                zero     0x20000970     0x4  xgetmemchunk.o [3]
                             - 0x20000974   0x184


*******************************************************************************
*** INIT TABLE
***

          Address     Size
          -------     ----
Zero (__iar_zero_init3)
    1 destination range, total size 0x184:
          0x200007f0  0x184

Copy/packbits (__iar_packbits_init_single3)
    1 source range, total size 0x8a (28% of destination):
          0x080039a0   0x8a
    1 destination range, total size 0x1ec:
          0x20000000  0x1ec



*******************************************************************************
*** MODULE SUMMARY
***

    Module                  ro code  ro data  rw data
    ------                  -------  -------  -------
D:\USER\(D)\대학\RATS\소프트웨어\cubemx\test\FreeRTOS\Balancing\test\EWARM\test\Obj: [1]
    main.o                      420                84
    startup_stm32f407xx.o       732
    stm32f4xx_hal.o             112                 4
    stm32f4xx_hal_cortex.o      202
    stm32f4xx_hal_gpio.o        492
    stm32f4xx_hal_i2c.o       1 546
    stm32f4xx_hal_msp.o         180
    stm32f4xx_hal_rcc.o       1 068
    stm32f4xx_it.o               30
    system_stm32f4xx.o           96        9        4
    -------------------------------------------------
    Total:                    4 878        9       92

command line: [2]
    -------------------------------------------------
    Total:

dl7M_tlf.a: [3]
    XShHandles.o                224               128
    XShttio.o                     8        3        8
    div.o                        14
    errno.o                      12        2        4
    exit.o                        4
    fclose.o                    122
    fflush.o                    176
    fputc.o                      86
    fseek.o                      34
    localeconv.o                108       38      136
    low_level_init.o              4
    printf.o                     36
    putchar.o                    12
    setlocale.o                  20       32      116
    xcloseall.o                  88
    xencoding_sb.o               96
    xfgpos.o                     10
    xfiles.o                              62      384
    xfofind.o                   124
    xfspos.o                    214
    xfwprep.o                   182
    xgetmemchunk.o               44                 4
    xmbcurmax.o                  10
    xmbtowc.o                    32
    xprintffull.o             4 454
    xprout.o                     22
    xsyslock_nop.o                4
    xtls.o                        2
    xwctomb.o                    26
    xxmemxfree.o                128
    xxmemxmalloc.o              176                 8
    -------------------------------------------------
    Total:                    6 472      137      788

m7M_tls.a: [4]
    DblAdd.o                    212
    DblCmpGe.o                   46
    DblCmpLe.o                   46
    DblDiv.o                    598
    DblMul.o                    418
    DblSub.o                    384
    DblToI32.o                   88
    I32ToDbl.o                   48
    fpinit_M.o                   34
    xdnorm.o                     66
    xdscale.o                   276
    -------------------------------------------------
    Total:                    2 216

rt7M_tl.a: [5]
    ABImemcpy_unaligned.o       118
    I64DivMod.o                 238
    I64DivZer.o                   2
    cexit.o                      14
    cmain.o                      26
    cstart_closeall.o
    cstartup_M.o                 12
    data_init.o                  40
    memchr.o                     88
    packbits_init_single.o       56
    strchr.o                     22
    strlen.o                     54
    zero_init3.o                 64
    -------------------------------------------------
    Total:                      734

shb_l.a: [6]
    close.o                      26
    dwrite.o                     30
    exit.o                       20
    iarttio.o                   108
    iarwrite.o                   34
    iarwstd.o                    32
    lseek.o                      76
    remove.o                     22
    write.o                      16
    -------------------------------------------------
    Total:                      364

    Gaps                         46        2
    Linker created                        32    1 536
-----------------------------------------------------
    Grand Total:             14 710      180    2 416


*******************************************************************************
*** ENTRY LIST
***

Entry                      Address   Size  Type      Object
-----                      -------   ----  ----      ------
.iar.init_table$$Base   0x0800378c          --   Gb  - Linker created -
.iar.init_table$$Limit  0x080037ac          --   Gb  - Linker created -
?main                   0x080037cd         Code  Gb  cmain.o [5]
AHBPrescTable           0x08003608   0x10  Data  Gb  system_stm32f4xx.o [1]
APBPrescTable           0x08003854    0x8  Data  Gb  system_stm32f4xx.o [1]
BusFault_Handler        0x080037b3    0x2  Code  Gb  stm32f4xx_it.o [1]
CSTACK$$Base            0x200001f0          --   Gb  - Linker created -
CSTACK$$Limit           0x200005f0          --   Gb  - Linker created -
DebugMon_Handler        0x080037b9    0x2  Code  Gb  stm32f4xx_it.o [1]
HAL_GPIO_Init           0x08002c51  0x1b6  Code  Gb  stm32f4xx_hal_gpio.o [1]
HAL_GPIO_WritePin       0x08002e07    0x8  Code  Gb  stm32f4xx_hal_gpio.o [1]
HAL_GetTick             0x08002b73    0x6  Code  Wk  stm32f4xx_hal.o [1]
HAL_I2C_Init            0x08002029   0xc0  Code  Gb  stm32f4xx_hal_i2c.o [1]
HAL_I2C_Mem_Read        0x0800215f  0x10e  Code  Gb  stm32f4xx_hal_i2c.o [1]
HAL_I2C_MspInit         0x08002695   0x46  Code  Gb  stm32f4xx_hal_msp.o [1]
HAL_IncTick             0x08002b69    0xa  Code  Wk  stm32f4xx_hal.o [1]
HAL_Init                0x08002b15   0x30  Code  Gb  stm32f4xx_hal.o [1]
HAL_InitTick            0x08002b45   0x24  Code  Wk  stm32f4xx_hal.o [1]
HAL_MspInit             0x08002635   0x60  Code  Gb  stm32f4xx_hal_msp.o [1]
HAL_NVIC_SetPriority    0x08002bb9   0x3a  Code  Gb  stm32f4xx_hal_cortex.o [1]
HAL_NVIC_SetPriorityGrouping
                        0x08002b9f   0x1a  Code  Gb  stm32f4xx_hal_cortex.o [1]
HAL_RCC_ClockConfig     0x08002975   0xfa  Code  Gb  stm32f4xx_hal_rcc.o [1]
HAL_RCC_GetHCLKFreq     0x08002ac7    0x6  Code  Gb  stm32f4xx_hal_rcc.o [1]
HAL_RCC_GetPCLK1Freq    0x08002acd   0x10  Code  Gb  stm32f4xx_hal_rcc.o [1]
HAL_RCC_GetSysClockFreq
                        0x08002a7b   0x4c  Code  Wk  stm32f4xx_hal_rcc.o [1]
HAL_RCC_OscConfig       0x080026e9  0x284  Code  Wk  stm32f4xx_hal_rcc.o [1]
HAL_SYSTICK_CLKSourceConfig
                        0x08002c1b   0x14  Code  Gb  stm32f4xx_hal_cortex.o [1]
HAL_SYSTICK_Callback    0x08002c4d    0x2  Code  Wk  stm32f4xx_hal_cortex.o [1]
HAL_SYSTICK_Config      0x08002bf3   0x28  Code  Gb  stm32f4xx_hal_cortex.o [1]
HAL_SYSTICK_IRQHandler  0x08002c45    0x8  Code  Gb  stm32f4xx_hal_cortex.o [1]
HEAP$$Base              0x200005f0          --   Gb  - Linker created -
HEAP$$Limit             0x200007f0          --   Gb  - Linker created -
HardFault_Handler       0x080037af    0x2  Code  Gb  stm32f4xx_it.o [1]
I2C_IsAcknowledgeFailed
                        0x0800260b   0x28  Code  Lc  stm32f4xx_hal_i2c.o [1]
I2C_RequestMemoryRead   0x080023a5   0xc0  Code  Lc  stm32f4xx_hal_i2c.o [1]
I2C_WaitOnFlagUntilTimeout
                        0x08002495   0x52  Code  Lc  stm32f4xx_hal_i2c.o [1]
I2C_WaitOnMasterAddressFlagUntilTimeout
                        0x080024e7   0x6c  Code  Lc  stm32f4xx_hal_i2c.o [1]
I2C_WaitOnRXNEFlagUntilTimeout
                        0x080025b1   0x3e  Code  Lc  stm32f4xx_hal_i2c.o [1]
I2C_WaitOnTXEFlagUntilTimeout
                        0x08002563   0x32  Code  Lc  stm32f4xx_hal_i2c.o [1]
LoadInt                 0x080007d7   0x6e  Code  Lc  xprintffull.o [3]
MemManage_Handler       0x080037b1    0x2  Code  Gb  stm32f4xx_it.o [1]
NMI_Handler             0x080037ad    0x2  Code  Gb  stm32f4xx_it.o [1]
NVIC_SetPriority        0x08002b85   0x1a  Code  Lc  stm32f4xx_hal_cortex.o [1]
PendSV_Handler          0x080037bb    0x2  Code  Gb  stm32f4xx_it.o [1]
Region$$Table$$Base     0x0800378c          --   Gb  - Linker created -
Region$$Table$$Limit    0x080037ac          --   Gb  - Linker created -
SVC_Handler             0x080037b7    0x2  Code  Gb  stm32f4xx_it.o [1]
SysTick_Handler         0x080037bd    0xe  Code  Gb  stm32f4xx_it.o [1]
SystemClock_Config      0x08002eff   0xac  Code  Gb  main.o [1]
SystemCoreClock         0x20000000    0x4  Data  Gb  system_stm32f4xx.o [1]
SystemInit              0x080035b9   0x3a  Code  Gb  system_stm32f4xx.o [1]
UsageFault_Handler      0x080037b5    0x2  Code  Gb  stm32f4xx_it.o [1]
_Close_all              0x08003619   0x58  Code  Gb  xcloseall.o [3]
_EncodingSb_Mbtowc      0x08001edb   0x30  Code  Gb  xencoding_sb.o [3]
_EncodingSb_Wctomb      0x08001ec1   0x1a  Code  Gb  xencoding_sb.o [3]
_Files                  0x200000c4   0x20  Data  Gb  xfiles.o [3]
_Fofree                 0x08003491   0x78  Code  Gb  xfofind.o [3]
_Fspos                  0x080030e5   0xd6  Code  Gb  xfspos.o [3]
_Fwprep                 0x080033b9   0xb6  Code  Gb  xfwprep.o [3]
_GenldFull              0x0800105b  0x24c  Code  Lc  xprintffull.o [3]
_IsdstStr               0x20000178    0x4  Data  Gb  setlocale.o [3]
_LdtobFull              0x08000c59  0x3fc  Code  Lc  xprintffull.o [3]
_LitobFull              0x08000b51  0x106  Code  Lc  xprintffull.o [3]
_LocaleEncoding         0x08001ead    0xe  Code  Gb  setlocale.o [3]
_LocaleReturnString     0x20000198   0x50  Data  Lc  setlocale.o [3]
_Locale_Profile         0x2000017c   0x1c  Data  Gb  setlocale.o [3]
_Locale_aeabi_lconv     0x2000013c   0x38  Data  Gb  localeconv.o [3]
_Locale_lconv           0x200000ec   0x50  Data  Gb  localeconv.o [3]
_Mbtowc                 0x080012ef   0x20  Code  Gb  xmbtowc.o [3]
_Nnl                    0x0800326d    0xa  Code  Gb  xfgpos.o [3]
_PrintfFull             0x08000189  0x638  Code  Gb  xprintffull.o [3]
_Prout                  0x08003815   0x16  Code  Gb  xprout.o [3]
_PutcharsFull           0x080012a7   0x2e  Code  Lc  xprintffull.o [3]
_PutstrFull             0x08000845  0x306  Code  Lc  xprintffull.o [3]
_TzoneStr               0x20000174    0x4  Data  Gb  setlocale.o [3]
_Wctomb                 0x08001475   0x1a  Code  Gb  xwctomb.o [3]
__aeabi_cdcmple         0x080016b9         Code  Gb  DblCmpLe.o [4]
__aeabi_cdrcmple        0x080016e9         Code  Gb  DblCmpGe.o [4]
__aeabi_d2iz            0x0800182d         Code  Gb  DblToI32.o [4]
__aeabi_d2uiz           0x08001859         Code  Gb  DblToI32.o [4]
__aeabi_ddiv            0x08001bd9         Code  Gb  DblDiv.o [4]
__aeabi_dmul            0x08001a35         Code  Gb  DblMul.o [4]
__aeabi_dsub            0x080018b5         Code  Gb  DblSub.o [4]
__aeabi_errno_addr      0x080032c5    0x6  Code  Gb  errno.o [3]
__aeabi_i2d             0x08001885         Code  Gb  I32ToDbl.o [4]
__aeabi_ldiv0           0x08001f4d         Code  Gb  I64DivZer.o [5]
__aeabi_ui2d            0x08001899         Code  Gb  I32ToDbl.o [4]
__aeabi_uldivmod        0x08001589         Code  Gb  I64DivMod.o [5]
__cexit_closeall        0x080037f3         Code  Gb  cexit.o [5]
__close                 0x08003587   0x1a  Code  Gb  close.o [6]
__cmain                 0x080037cd         Code  Gb  cmain.o [5]
__cstart_closeall       0x080039a0         Data  Gb  cstart_closeall.o [5]
__data_Aldata           0x20000964    0x8  Data  Gb  xxmemxmalloc.o [3]
__data_GetMemChunk      0x08001f21   0x2c  Code  Gb  xgetmemchunk.o [3]
__dwrite                0x080032e5   0x1e  Code  Gb  dwrite.o [6]
__exit                  0x08003801   0x14  Code  Gb  exit.o [6]
__iar_Dnorm             0x08001677   0x42  Code  Gb  xdnorm.o [4]
__iar_Dscale            0x08001719  0x114  Code  Gb  xdscale.o [4]
__iar_Errno             0x200001e8    0x4  Data  Gb  errno.o [3]
__iar_Locale_lconv_init
                        0x08001e31   0x3a  Code  Gb  localeconv.o [3]
__iar_Lockfilelock      0x080032d1    0x2  Code  Gb  xsyslock_nop.o [3]
__iar_Mbcurmax          0x080013b9    0xa  Code  Gb  xmbcurmax.o [3]
__iar_Memchr            0x08001361         Code  Gb  memchr.o [5]
__iar_Stderr            0x20000084   0x40  Data  Gb  xfiles.o [3]
__iar_Stdin             0x20000004   0x40  Data  Gb  xfiles.o [3]
__iar_Stdout            0x20000044   0x40  Data  Gb  xfiles.o [3]
__iar_Strchr            0x08001311         Code  Gb  strchr.o [5]
__iar_Unlockfilelock    0x080032d3    0x2  Code  Gb  xsyslock_nop.o [3]
__iar_close_ttio        0x08003345   0x2e  Code  Gb  iarttio.o [6]
__iar_d2uiz             0x08001865         Code  Gb  DblToI32.o [4]
__iar_dadd              0x08001f51         Code  Gb  DblAdd.o [4]
__iar_data_init3        0x08003741   0x28  Code  Gb  data_init.o [5]
__iar_dlib_perthread_access
                        0x08002025    0x2  Code  Gb  xtls.o [3]
__iar_dsub              0x080018c9         Code  Gb  DblSub.o [4]
__iar_dsubStart         0x080018db         Code  Gb  DblSub.o [4]
__iar_get_ttio          0x08003375   0x38  Code  Gb  iarttio.o [6]
__iar_init_vfp          0x08003769         Code  Gb  fpinit_M.o [4]
__iar_lookup_ttioh      0x080033b1    0x8  Code  Gb  XShttio.o [3]
__iar_packbits_init_single3
                        0x08003707   0x38  Code  Gb  packbits_init_single.o [5]
__iar_program_start     0x08003849         Code  Gb  cstartup_M.o [5]
__iar_sh_Discard        0x08003005   0x44  Code  Gb  XShHandles.o [3]
__iar_sh_Move           0x0800304f   0x4c  Code  Gb  XShHandles.o [3]
__iar_sh_Pos            0x0800309b   0x44  Code  Gb  XShHandles.o [3]
__iar_sh_stdout         0x08003303   0x20  Code  Gb  iarwstd.o [6]
__iar_sh_write          0x08003323   0x22  Code  Gb  iarwrite.o [6]
__iar_ttio_handles      0x200000e4    0x8  Data  Lc  XShttio.o [3]
__iar_ui2d              0x0800189d         Code  Gb  I32ToDbl.o [4]
__iar_unaligned___aeabi_memcpy
                        0x08001491         Code  Gb  ABImemcpy_unaligned.o [5]
__iar_unaligned___aeabi_memcpy4
                        0x080014b1         Code  Gb  ABImemcpy_unaligned.o [5]
__iar_unaligned___aeabi_memcpy8
                        0x080014b1         Code  Gb  ABImemcpy_unaligned.o [5]
__iar_zero_init3        0x080036c7   0x40  Code  Gb  zero_init3.o [5]
__low_level_init        0x080037e7    0x4  Code  Gb  low_level_init.o [3]
__lseek                 0x08003277   0x4c  Code  Gb  lseek.o [6]
__vector_table          0x08000000         Data  Gb  startup_stm32f407xx.o [1]
__write                 0x080032d5   0x10  Code  Gb  write.o [6]
_call_main              0x080037d9         Code  Gb  cmain.o [5]
_exit                   0x080037f1         Code  Gb  cexit.o [5]
_main                   0x080037e3         Code  Gb  cmain.o [5]
div                     0x08001e9d    0xe  Code  Gb  div.o [3]
ebuf                    0x200008c4   0x50  Data  Lc  xfiles.o [3]
exit                    0x080037eb    0x4  Code  Gb  exit.o [3]
fclose                  0x0800350d   0x7a  Code  Gb  fclose.o [3]
fflush                  0x08003233   0x34  Code  Gb  fflush.o [3]
fflushOne               0x080031bd   0x76  Code  Lc  fflush.o [3]
fputc                   0x08003671   0x56  Code  Gb  fputc.o [3]
free                    0x08001509   0x7a  Code  Gb  xxmemxfree.o [3]
fseek                   0x0800346f   0x22  Code  Gb  fseek.o [3]
hi2c1                   0x20000870   0x54  Data  Gb  main.o [1]
localeconv              0x08001e6b   0x16  Code  Gb  localeconv.o [3]
main                    0x08002e3d   0xc2  Code  Gb  main.o [1]
malloc                  0x080013c5   0xac  Code  Gb  xxmemxmalloc.o [3]
memchr                  0x08001361         Code  Gb  memchr.o [5]
obuf                    0x20000914   0x50  Data  Lc  xfiles.o [3]
printf                  0x08002fe1   0x24  Code  Gb  printf.o [3]
putchar                 0x0800382d    0xc  Code  Gb  putchar.o [3]
remove                  0x080035a1   0x16  Code  Gb  remove.o [6]
sFileInfo               0x200007f0   0x80  Data  Lc  XShHandles.o [3]
strchr                  0x08001311         Code  Gb  strchr.o [5]
strlen                  0x08001329         Code  Gb  strlen.o [5]
uwTick                  0x2000096c    0x4  Data  Gb  stm32f4xx_hal.o [1]


[1] = D:\USER\(D)\대학\RATS\소프트웨어\cubemx\test\FreeRTOS\Balancing\test\EWARM\test\Obj
[2] = command line
[3] = dl7M_tlf.a
[4] = m7M_tls.a
[5] = rt7M_tl.a
[6] = shb_l.a

  14 710 bytes of readonly  code memory
     180 bytes of readonly  data memory
   2 416 bytes of readwrite data memory

Errors: none
Warnings: none
