###############################################################################
#
# IAR ELF Linker V7.50.2.10312/W32 for ARM                13/Apr/2020  22:52:57
# Copyright 2007-2015 IAR Systems AB.
#
#    Output file  =  
#        D:\USER\(D)\대학\RATS\소프트웨어\cubemx\test\FreeRTOS\Balancing\I2C_MPU6050\EWARM\I2C_MPU6050\Exe\I2C_MPU6050.out
#    Map file     =  
#        D:\USER\(D)\대학\RATS\소프트웨어\cubemx\test\FreeRTOS\Balancing\I2C_MPU6050\EWARM\I2C_MPU6050\List\I2C_MPU6050.map
#    Command line =  
#        "D:\USER\(D)\대학\RATS\소프트웨어\cubemx\test\FreeRTOS\Balancing\I2C_MPU6050\EWARM\I2C_MPU6050\Obj\cmsis_os.o"
#        "D:\USER\(D)\대학\RATS\소프트웨어\cubemx\test\FreeRTOS\Balancing\I2C_MPU6050\EWARM\I2C_MPU6050\Obj\croutine.o"
#        "D:\USER\(D)\대학\RATS\소프트웨어\cubemx\test\FreeRTOS\Balancing\I2C_MPU6050\EWARM\I2C_MPU6050\Obj\event_groups.o"
#        "D:\USER\(D)\대학\RATS\소프트웨어\cubemx\test\FreeRTOS\Balancing\I2C_MPU6050\EWARM\I2C_MPU6050\Obj\freertos.o"
#        "D:\USER\(D)\대학\RATS\소프트웨어\cubemx\test\FreeRTOS\Balancing\I2C_MPU6050\EWARM\I2C_MPU6050\Obj\heap_4.o"
#        "D:\USER\(D)\대학\RATS\소프트웨어\cubemx\test\FreeRTOS\Balancing\I2C_MPU6050\EWARM\I2C_MPU6050\Obj\list.o"
#        "D:\USER\(D)\대학\RATS\소프트웨어\cubemx\test\FreeRTOS\Balancing\I2C_MPU6050\EWARM\I2C_MPU6050\Obj\main.o"
#        "D:\USER\(D)\대학\RATS\소프트웨어\cubemx\test\FreeRTOS\Balancing\I2C_MPU6050\EWARM\I2C_MPU6050\Obj\port.o"
#        "D:\USER\(D)\대학\RATS\소프트웨어\cubemx\test\FreeRTOS\Balancing\I2C_MPU6050\EWARM\I2C_MPU6050\Obj\portasm.o"
#        "D:\USER\(D)\대학\RATS\소프트웨어\cubemx\test\FreeRTOS\Balancing\I2C_MPU6050\EWARM\I2C_MPU6050\Obj\queue.o"
#        "D:\USER\(D)\대학\RATS\소프트웨어\cubemx\test\FreeRTOS\Balancing\I2C_MPU6050\EWARM\I2C_MPU6050\Obj\startup_stm32f407xx.o"
#        "D:\USER\(D)\대학\RATS\소프트웨어\cubemx\test\FreeRTOS\Balancing\I2C_MPU6050\EWARM\I2C_MPU6050\Obj\stm32f4xx_hal.o"
#        "D:\USER\(D)\대학\RATS\소프트웨어\cubemx\test\FreeRTOS\Balancing\I2C_MPU6050\EWARM\I2C_MPU6050\Obj\stm32f4xx_hal_cortex.o"
#        "D:\USER\(D)\대학\RATS\소프트웨어\cubemx\test\FreeRTOS\Balancing\I2C_MPU6050\EWARM\I2C_MPU6050\Obj\stm32f4xx_hal_dma.o"
#        "D:\USER\(D)\대학\RATS\소프트웨어\cubemx\test\FreeRTOS\Balancing\I2C_MPU6050\EWARM\I2C_MPU6050\Obj\stm32f4xx_hal_dma_ex.o"
#        "D:\USER\(D)\대학\RATS\소프트웨어\cubemx\test\FreeRTOS\Balancing\I2C_MPU6050\EWARM\I2C_MPU6050\Obj\stm32f4xx_hal_flash.o"
#        "D:\USER\(D)\대학\RATS\소프트웨어\cubemx\test\FreeRTOS\Balancing\I2C_MPU6050\EWARM\I2C_MPU6050\Obj\stm32f4xx_hal_flash_ex.o"
#        "D:\USER\(D)\대학\RATS\소프트웨어\cubemx\test\FreeRTOS\Balancing\I2C_MPU6050\EWARM\I2C_MPU6050\Obj\stm32f4xx_hal_flash_ramfunc.o"
#        "D:\USER\(D)\대학\RATS\소프트웨어\cubemx\test\FreeRTOS\Balancing\I2C_MPU6050\EWARM\I2C_MPU6050\Obj\stm32f4xx_hal_gpio.o"
#        "D:\USER\(D)\대학\RATS\소프트웨어\cubemx\test\FreeRTOS\Balancing\I2C_MPU6050\EWARM\I2C_MPU6050\Obj\stm32f4xx_hal_i2c.o"
#        "D:\USER\(D)\대학\RATS\소프트웨어\cubemx\test\FreeRTOS\Balancing\I2C_MPU6050\EWARM\I2C_MPU6050\Obj\stm32f4xx_hal_i2c_ex.o"
#        "D:\USER\(D)\대학\RATS\소프트웨어\cubemx\test\FreeRTOS\Balancing\I2C_MPU6050\EWARM\I2C_MPU6050\Obj\stm32f4xx_hal_msp.o"
#        "D:\USER\(D)\대학\RATS\소프트웨어\cubemx\test\FreeRTOS\Balancing\I2C_MPU6050\EWARM\I2C_MPU6050\Obj\stm32f4xx_hal_pwr.o"
#        "D:\USER\(D)\대학\RATS\소프트웨어\cubemx\test\FreeRTOS\Balancing\I2C_MPU6050\EWARM\I2C_MPU6050\Obj\stm32f4xx_hal_pwr_ex.o"
#        "D:\USER\(D)\대학\RATS\소프트웨어\cubemx\test\FreeRTOS\Balancing\I2C_MPU6050\EWARM\I2C_MPU6050\Obj\stm32f4xx_hal_rcc.o"
#        "D:\USER\(D)\대학\RATS\소프트웨어\cubemx\test\FreeRTOS\Balancing\I2C_MPU6050\EWARM\I2C_MPU6050\Obj\stm32f4xx_hal_rcc_ex.o"
#        "D:\USER\(D)\대학\RATS\소프트웨어\cubemx\test\FreeRTOS\Balancing\I2C_MPU6050\EWARM\I2C_MPU6050\Obj\stm32f4xx_hal_tim.o"
#        "D:\USER\(D)\대학\RATS\소프트웨어\cubemx\test\FreeRTOS\Balancing\I2C_MPU6050\EWARM\I2C_MPU6050\Obj\stm32f4xx_hal_tim_ex.o"
#        "D:\USER\(D)\대학\RATS\소프트웨어\cubemx\test\FreeRTOS\Balancing\I2C_MPU6050\EWARM\I2C_MPU6050\Obj\stm32f4xx_hal_timebase_TIM.o"
#        "D:\USER\(D)\대학\RATS\소프트웨어\cubemx\test\FreeRTOS\Balancing\I2C_MPU6050\EWARM\I2C_MPU6050\Obj\stm32f4xx_it.o"
#        "D:\USER\(D)\대학\RATS\소프트웨어\cubemx\test\FreeRTOS\Balancing\I2C_MPU6050\EWARM\I2C_MPU6050\Obj\system_stm32f4xx.o"
#        "D:\USER\(D)\대학\RATS\소프트웨어\cubemx\test\FreeRTOS\Balancing\I2C_MPU6050\EWARM\I2C_MPU6050\Obj\tasks.o"
#        "D:\USER\(D)\대학\RATS\소프트웨어\cubemx\test\FreeRTOS\Balancing\I2C_MPU6050\EWARM\I2C_MPU6050\Obj\timers.o"
#        --redirect _Printf=_PrintfFull --redirect _Scanf=_ScanfFull -o
#        "D:\USER\(D)\대학\RATS\소프트웨어\cubemx\test\FreeRTOS\Balancing\I2C_MPU6050\EWARM\I2C_MPU6050\Exe\I2C_MPU6050.out"
#        --map
#        "D:\USER\(D)\대학\RATS\소프트웨어\cubemx\test\FreeRTOS\Balancing\I2C_MPU6050\EWARM\I2C_MPU6050\List\I2C_MPU6050.map"
#        --config
#        "D:\USER\(D)\대학\RATS\소프트웨어\cubemx\test\FreeRTOS\Balancing\I2C_MPU6050\EWARM/stm32f407xx_flash.icf"
#        --semihosting --entry __iar_program_start "D:\Program Files (x86)\IAR
#        Systems\Embedded Workbench
#        7.3\arm\CMSIS\Lib\IAR\iar_cortexM4lf_math.a" --vfe
#
###############################################################################

*******************************************************************************
*** RUNTIME MODEL ATTRIBUTES
***

CppFlavor                     = *
__Heap_Handler                = Basic
__SystemLibrary               = DLib
__dlib_dynamic_initialization = normal


*******************************************************************************
*** PLACEMENT SUMMARY
***

"A1":  place at 0x08000000 { ro section .intvec };
"P1":  place in [from 0x08000000 to 0x080fffff] { ro };
"P2":  place in [from 0x20000000 to 0x2001ffff] { rw, block CSTACK, block HEAP };

  Section             Kind        Address    Size  Object
  -------             ----        -------    ----  ------
"A1":                                       0x188
  .intvec             ro code  0x08000000   0x188  startup_stm32f407xx.o [1]
                             - 0x08000188   0x188

"P1":                                      0x579f
  .text               ro code  0x08000188  0x1166  xprintffull.o [3]
  .text               ro code  0x080012ee    0x20  xmbtowc.o [3]
  .text               ro code  0x08001310    0x16  strchr.o [5]
  .text               ro code  0x08001328    0x36  strlen.o [5]
  .text               ro code  0x08001360    0x58  memchr.o [5]
  .text               ro code  0x080013b8     0xa  xmbcurmax.o [3]
  .text               ro code  0x080013c4    0xb0  xxmemxmalloc.o [3]
  .text               ro code  0x08001474    0x1a  xwctomb.o [3]
  .text               ro code  0x08001490    0x76  ABImemcpy_unaligned.o [5]
  .text               ro code  0x08001508    0x80  xxmemxfree.o [3]
  .text               ro code  0x08001588    0xee  I64DivMod.o [5]
  .text               ro code  0x08001676    0x42  xdnorm.o [4]
  .text               ro code  0x080016b8    0x2e  DblCmpLe.o [4]
  .text               ro code  0x080016e8    0x2e  DblCmpGe.o [4]
  .text               ro code  0x08001718   0x114  xdscale.o [4]
  .text               ro code  0x0800182c    0x58  DblToI32.o [4]
  .text               ro code  0x08001884    0x30  I32ToDbl.o [4]
  .text               ro code  0x080018b4   0x180  DblSub.o [4]
  .text               ro code  0x08001a34   0x1a2  DblMul.o [4]
  .text               ro code  0x08001bd8   0x256  DblDiv.o [4]
  .text               ro code  0x08001e30    0x6c  localeconv.o [3]
  .text               ro code  0x08001e9c     0xe  div.o [3]
  .text               ro code  0x08001eac    0x14  setlocale.o [3]
  .text               ro code  0x08001ec0    0x60  xencoding_sb.o [3]
  .text               ro code  0x08001f20    0x2c  xgetmemchunk.o [3]
  .text               ro code  0x08001f4c     0x2  I64DivZer.o [5]
  .text               ro code  0x08001f50    0xd4  DblAdd.o [4]
  .text               ro code  0x08002024     0x2  xtls.o [3]
  .text               ro code  0x08002028   0x7e8  stm32f4xx_hal_i2c.o [1]
  .text               ro code  0x08002810    0xb4  stm32f4xx_hal_msp.o [1]
  .text               ro code  0x080028c4   0x46c  stm32f4xx_hal_rcc.o [1]
  .text               ro code  0x08002d30    0x48  stm32f4xx_hal.o [1]
  .text               ro code  0x08002d78    0xd8  stm32f4xx_hal_cortex.o [1]
  .text               ro code  0x08002e50   0x1f4  stm32f4xx_hal_gpio.o [1]
  .text               ro code  0x08003044    0x7c  stm32f4xx_hal_timebase_TIM.o [1]
  .text               ro code  0x080030c0   0x260  stm32f4xx_hal_tim.o [1]
  .text               ro code  0x08003320   0x428  main.o [1]
  .text               ro code  0x08003748     0x4  stm32f4xx_hal_tim_ex.o [1]
  .text               ro code  0x0800374c   0x1b2  cmsis_os.o [1]
  .text               ro code  0x08003900    0x24  printf.o [3]
  .text               ro code  0x08003924   0x790  tasks.o [1]
  .text               ro code  0x080040b4   0x370  timers.o [1]
  .text               ro code  0x08004424   0x5fc  queue.o [1]
  .text               ro code  0x08004a20   0x1ec  port.o [1]
  .text               ro code  0x08004c0c   0x1ac  heap_4.o [1]
  .text               ro code  0x08004db8    0x8e  list.o [1]
  CODE                ro code  0x08004e48    0xa8  portasm.o [1]
  .text               ro code  0x08004ef0    0xe0  XShHandles.o [3]
  .text               ro code  0x08004fd0    0xd6  xfspos.o [3]
  .text               ro code  0x080050a8    0xb0  fflush.o [3]
  .text               ro code  0x08005158     0xa  xfgpos.o [3]
  .text               ro code  0x08005162    0x4c  lseek.o [6]
  .text               ro code  0x080051b0     0xc  errno.o [3]
  .text               ro code  0x080051bc     0x4  xsyslock_nop.o [3]
  .text               ro code  0x080051c0    0x10  write.o [6]
  .text               ro code  0x080051d0    0x1e  dwrite.o [6]
  .text               ro code  0x080051ee    0x20  iarwstd.o [6]
  .text               ro code  0x0800520e    0x22  iarwrite.o [6]
  .text               ro code  0x08005230    0x6c  iarttio.o [6]
  .text               ro code  0x0800529c     0x8  XShttio.o [3]
  .text               ro code  0x080052a4    0xb6  xfwprep.o [3]
  .text               ro code  0x0800535a    0x22  fseek.o [3]
  .text               ro code  0x0800537c    0x7c  xfofind.o [3]
  .text               ro code  0x080053f8    0x7a  fclose.o [3]
  .text               ro code  0x08005472    0x1a  close.o [6]
  .text               ro code  0x0800548c    0x16  remove.o [6]
  .text               ro code  0x080054a4    0x60  system_stm32f4xx.o [1]
  .text               ro code  0x08005504    0x58  xcloseall.o [3]
  .text               ro code  0x0800555c    0x56  fputc.o [3]
  .text               ro code  0x080055b2    0x40  zero_init3.o [5]
  .text               ro code  0x080055f2    0x38  packbits_init_single.o [5]
  .text               ro code  0x0800562c    0x28  data_init.o [5]
  .text               ro code  0x08005654    0x22  fpinit_M.o [4]
  .iar.init_table     const    0x08005678    0x20  - Linker created -
  .text               ro code  0x08005698    0x1c  stm32f4xx_it.o [1]
  .text               ro code  0x080056b4    0x1a  cmain.o [5]
  .text               ro code  0x080056ce     0x4  low_level_init.o [3]
  .text               ro code  0x080056d2     0x4  exit.o [3]
  .text               ro code  0x080056d8     0xe  cexit.o [5]
  .text               ro code  0x080056e8    0x14  exit.o [6]
  .text               ro code  0x080056fc    0x16  xprout.o [3]
  .text               ro code  0x08005714     0xc  putchar.o [3]
  .rodata             const    0x08005720    0x14  main.o [1]
  .text               ro code  0x08005734    0x10  startup_stm32f407xx.o [1]
  .text               ro code  0x08005744     0xc  cstartup_M.o [5]
  .rodata             const    0x08005750     0x8  system_stm32f4xx.o [1]
  .text               ro code  0x08005758     0x4  startup_stm32f407xx.o [1]
  .text               ro code  0x0800575c     0x4  startup_stm32f407xx.o [1]
  .text               ro code  0x08005760     0x4  startup_stm32f407xx.o [1]
  .text               ro code  0x08005764     0x4  startup_stm32f407xx.o [1]
  .text               ro code  0x08005768     0x4  startup_stm32f407xx.o [1]
  .text               ro code  0x0800576c     0x4  startup_stm32f407xx.o [1]
  .text               ro code  0x08005770     0x4  startup_stm32f407xx.o [1]
  .text               ro code  0x08005774     0x4  startup_stm32f407xx.o [1]
  .text               ro code  0x08005778     0x4  startup_stm32f407xx.o [1]
  .text               ro code  0x0800577c     0x4  startup_stm32f407xx.o [1]
  .text               ro code  0x08005780     0x4  startup_stm32f407xx.o [1]
  .text               ro code  0x08005784     0x4  startup_stm32f407xx.o [1]
  .text               ro code  0x08005788     0x4  startup_stm32f407xx.o [1]
  .text               ro code  0x0800578c     0x4  startup_stm32f407xx.o [1]
  .text               ro code  0x08005790     0x4  startup_stm32f407xx.o [1]
  .text               ro code  0x08005794     0x4  startup_stm32f407xx.o [1]
  .text               ro code  0x08005798     0x4  startup_stm32f407xx.o [1]
  .text               ro code  0x0800579c     0x4  startup_stm32f407xx.o [1]
  .text               ro code  0x080057a0     0x4  startup_stm32f407xx.o [1]
  .text               ro code  0x080057a4     0x4  startup_stm32f407xx.o [1]
  .text               ro code  0x080057a8     0x4  startup_stm32f407xx.o [1]
  .text               ro code  0x080057ac     0x4  startup_stm32f407xx.o [1]
  .text               ro code  0x080057b0     0x4  startup_stm32f407xx.o [1]
  .text               ro code  0x080057b4     0x4  startup_stm32f407xx.o [1]
  .text               ro code  0x080057b8     0x4  startup_stm32f407xx.o [1]
  .text               ro code  0x080057bc     0x4  startup_stm32f407xx.o [1]
  .text               ro code  0x080057c0     0x4  startup_stm32f407xx.o [1]
  .text               ro code  0x080057c4     0x4  startup_stm32f407xx.o [1]
  .text               ro code  0x080057c8     0x4  startup_stm32f407xx.o [1]
  .text               ro code  0x080057cc     0x4  startup_stm32f407xx.o [1]
  .text               ro code  0x080057d0     0x4  startup_stm32f407xx.o [1]
  .text               ro code  0x080057d4     0x4  startup_stm32f407xx.o [1]
  .text               ro code  0x080057d8     0x4  startup_stm32f407xx.o [1]
  .text               ro code  0x080057dc     0x4  startup_stm32f407xx.o [1]
  .text               ro code  0x080057e0     0x4  startup_stm32f407xx.o [1]
  .text               ro code  0x080057e4     0x4  startup_stm32f407xx.o [1]
  .text               ro code  0x080057e8     0x4  startup_stm32f407xx.o [1]
  .text               ro code  0x080057ec     0x4  startup_stm32f407xx.o [1]
  .text               ro code  0x080057f0     0x4  startup_stm32f407xx.o [1]
  .text               ro code  0x080057f4     0x4  startup_stm32f407xx.o [1]
  .text               ro code  0x080057f8     0x4  startup_stm32f407xx.o [1]
  .text               ro code  0x080057fc     0x4  startup_stm32f407xx.o [1]
  .text               ro code  0x08005800     0x4  startup_stm32f407xx.o [1]
  .text               ro code  0x08005804     0x4  startup_stm32f407xx.o [1]
  .text               ro code  0x08005808     0x4  startup_stm32f407xx.o [1]
  .text               ro code  0x0800580c     0x4  startup_stm32f407xx.o [1]
  .text               ro code  0x08005810     0x4  startup_stm32f407xx.o [1]
  .text               ro code  0x08005814     0x4  startup_stm32f407xx.o [1]
  .text               ro code  0x08005818     0x4  startup_stm32f407xx.o [1]
  .text               ro code  0x0800581c     0x4  startup_stm32f407xx.o [1]
  .text               ro code  0x08005820     0x4  startup_stm32f407xx.o [1]
  .text               ro code  0x08005824     0x4  startup_stm32f407xx.o [1]
  .text               ro code  0x08005828     0x4  startup_stm32f407xx.o [1]
  .text               ro code  0x0800582c     0x4  startup_stm32f407xx.o [1]
  .text               ro code  0x08005830     0x4  startup_stm32f407xx.o [1]
  .text               ro code  0x08005834     0x4  startup_stm32f407xx.o [1]
  .text               ro code  0x08005838     0x4  startup_stm32f407xx.o [1]
  .text               ro code  0x0800583c     0x4  startup_stm32f407xx.o [1]
  .text               ro code  0x08005840     0x4  startup_stm32f407xx.o [1]
  .text               ro code  0x08005844     0x4  startup_stm32f407xx.o [1]
  .text               ro code  0x08005848     0x4  startup_stm32f407xx.o [1]
  .text               ro code  0x0800584c     0x4  startup_stm32f407xx.o [1]
  .text               ro code  0x08005850     0x4  startup_stm32f407xx.o [1]
  .text               ro code  0x08005854     0x4  startup_stm32f407xx.o [1]
  .text               ro code  0x08005858     0x4  startup_stm32f407xx.o [1]
  .text               ro code  0x0800585c     0x4  startup_stm32f407xx.o [1]
  .text               ro code  0x08005860     0x4  startup_stm32f407xx.o [1]
  .text               ro code  0x08005864     0x4  startup_stm32f407xx.o [1]
  .text               ro code  0x08005868     0x4  startup_stm32f407xx.o [1]
  .text               ro code  0x0800586c     0x4  startup_stm32f407xx.o [1]
  .text               ro code  0x08005870     0x4  startup_stm32f407xx.o [1]
  .text               ro code  0x08005874     0x4  startup_stm32f407xx.o [1]
  .text               ro code  0x08005878     0x4  startup_stm32f407xx.o [1]
  .text               ro code  0x0800587c     0x4  startup_stm32f407xx.o [1]
  .text               ro code  0x08005880     0x4  startup_stm32f407xx.o [1]
  .text               ro code  0x08005884     0x4  startup_stm32f407xx.o [1]
  .text               ro code  0x08005888     0x4  startup_stm32f407xx.o [1]
  .text               ro code  0x0800588c     0x4  startup_stm32f407xx.o [1]
  .text               ro code  0x08005890     0x4  startup_stm32f407xx.o [1]
  .text               ro code  0x08005894     0x4  startup_stm32f407xx.o [1]
  .text               ro code  0x08005898     0x0  cstart_closeall.o [5]
  .rodata             const    0x08005898     0x0  zero_init3.o [5]
  .rodata             const    0x08005898     0x0  packbits_init_single.o [5]
  Initializer bytes   const    0x08005898    0x8f  <for P2-1>
                             - 0x08005927  0x579f

"P2", part 1 of 3:                          0x1f8
  P2-1                         0x20000000   0x1f8  <Init block>
    .data             inited   0x20000000     0xc  port.o [1]
    .data             inited   0x2000000c     0x4  system_stm32f4xx.o [1]
    .data             inited   0x20000010    0x40  xfiles.o [3]
    .data             inited   0x20000050    0x40  xfiles.o [3]
    .data             inited   0x20000090    0x40  xfiles.o [3]
    .data             inited   0x200000d0    0x20  xfiles.o [3]
    .data             inited   0x200000f0     0x8  XShttio.o [3]
    __DLIB_PERTHREAD  inited   0x200000f8    0x88  localeconv.o [3]
    __DLIB_PERTHREAD  inited   0x20000180    0x74  setlocale.o [3]
    __DLIB_PERTHREAD  inited   0x200001f4     0x4  errno.o [3]
                             - 0x200001f8   0x1f8

"P2", part 2 of 3:                          0x600
  CSTACK                       0x200001f8   0x400  <Block>
    CSTACK            uninit   0x200001f8   0x400  <Block tail>
  HEAP                         0x200005f8   0x200  <Block>
    HEAP              uninit   0x200005f8   0x200  <Block tail>
                             - 0x200007f8   0x600

"P2", part 3 of 3:                         0x3fd0
  .bss                zero     0x200007f8  0x3c18  heap_4.o [1]
  .bss                zero     0x20004410    0xa0  tasks.o [1]
  .bss                zero     0x200044b0    0x8c  tasks.o [1]
  .bss                zero     0x2000453c    0x80  XShHandles.o [3]
  .bss                zero     0x200045bc    0x78  main.o [1]
  .bss                zero     0x20004634    0x50  xfiles.o [3]
  .bss                zero     0x20004684    0x50  xfiles.o [3]
  .bss                zero     0x200046d4    0x40  queue.o [1]
  .bss                zero     0x20004714    0x3c  stm32f4xx_hal_timebase_TIM.o [1]
  .bss                zero     0x20004750    0x3c  timers.o [1]
  .bss                zero     0x2000478c    0x2a  main.o [1]
  .bss                zero     0x200047b8     0x8  xxmemxmalloc.o [3]
  .bss                zero     0x200047c0     0x4  stm32f4xx_hal.o [1]
  .bss                zero     0x200047c4     0x4  xgetmemchunk.o [3]
                             - 0x200047c8  0x3fd0


*******************************************************************************
*** INIT TABLE
***

          Address     Size
          -------     ----
Zero (__iar_zero_init3)
    1 destination range, total size 0x3fd0:
          0x200007f8  0x3fd0

Copy/packbits (__iar_packbits_init_single3)
    1 source range, total size 0x8f (28% of destination):
          0x08005898    0x8f
    1 destination range, total size 0x1f8:
          0x20000000   0x1f8



*******************************************************************************
*** MODULE SUMMARY
***

    Module                        ro code  ro data  rw data
    ------                        -------  -------  -------
D:\USER\(D)\대학\RATS\소프트웨어\cubemx\test\FreeRTOS\Balancing\I2C_MPU6050\EWARM\I2C_MPU6050\Obj: [1]
    cmsis_os.o                        434
    heap_4.o                          428            15 384
    list.o                            142
    main.o                          1 064       20      162
    port.o                            492        3       12
    portasm.o                         168
    queue.o                         1 532                64
    startup_stm32f407xx.o             728
    stm32f4xx_hal.o                    72                 4
    stm32f4xx_hal_cortex.o            216
    stm32f4xx_hal_gpio.o              500
    stm32f4xx_hal_i2c.o             2 024
    stm32f4xx_hal_msp.o               180
    stm32f4xx_hal_rcc.o             1 132
    stm32f4xx_hal_tim.o               608
    stm32f4xx_hal_tim_ex.o              4
    stm32f4xx_hal_timebase_TIM.o      124                60
    stm32f4xx_it.o                     28
    system_stm32f4xx.o                 96        9        4
    tasks.o                         1 936               300
    timers.o                          880                60
    -------------------------------------------------------
    Total:                         12 788       32   16 050

command line: [2]
    -------------------------------------------------------
    Total:

dl7M_tlf.a: [3]
    XShHandles.o                      224               128
    XShttio.o                           8        2        8
    div.o                              14
    errno.o                            12        2        4
    exit.o                              4
    fclose.o                          122
    fflush.o                          176
    fputc.o                            86
    fseek.o                            34
    localeconv.o                      108       38      136
    low_level_init.o                    4
    printf.o                           36
    putchar.o                          12
    setlocale.o                        20       33      116
    xcloseall.o                        88
    xencoding_sb.o                     96
    xfgpos.o                           10
    xfiles.o                                    64      384
    xfofind.o                         124
    xfspos.o                          214
    xfwprep.o                         182
    xgetmemchunk.o                     44                 4
    xmbcurmax.o                        10
    xmbtowc.o                          32
    xprintffull.o                   4 454
    xprout.o                           22
    xsyslock_nop.o                      4
    xtls.o                              2
    xwctomb.o                          26
    xxmemxfree.o                      128
    xxmemxmalloc.o                    176                 8
    -------------------------------------------------------
    Total:                          6 472      139      788

m7M_tls.a: [4]
    DblAdd.o                          212
    DblCmpGe.o                         46
    DblCmpLe.o                         46
    DblDiv.o                          598
    DblMul.o                          418
    DblSub.o                          384
    DblToI32.o                         88
    I32ToDbl.o                         48
    fpinit_M.o                         34
    xdnorm.o                           66
    xdscale.o                         276
    -------------------------------------------------------
    Total:                          2 216

rt7M_tl.a: [5]
    ABImemcpy_unaligned.o             118
    I64DivMod.o                       238
    I64DivZer.o                         2
    cexit.o                            14
    cmain.o                            26
    cstart_closeall.o
    cstartup_M.o                       12
    data_init.o                        40
    memchr.o                           88
    packbits_init_single.o             56
    strchr.o                           22
    strlen.o                           54
    zero_init3.o                       64
    -------------------------------------------------------
    Total:                            734

shb_l.a: [6]
    close.o                            26
    dwrite.o                           30
    exit.o                             20
    iarttio.o                         108
    iarwrite.o                         34
    iarwstd.o                          32
    lseek.o                            76
    remove.o                           22
    write.o                            16
    -------------------------------------------------------
    Total:                            364

    Gaps                               44        2        2
    Linker created                              32    1 536
-----------------------------------------------------------
    Grand Total:                   22 618      205   18 376


*******************************************************************************
*** ENTRY LIST
***

Entry                      Address    Size  Type      Object
-----                      -------    ----  ----      ------
.iar.init_table$$Base   0x08005678           --   Gb  - Linker created -
.iar.init_table$$Limit  0x08005698           --   Gb  - Linker created -
?main                   0x080056b5          Code  Gb  cmain.o [5]
AHBPrescTable           0x080054f4    0x10  Data  Gb  system_stm32f4xx.o [1]
APBPrescTable           0x08005750     0x8  Data  Gb  system_stm32f4xx.o [1]
BusFault_Handler        0x0800569f     0x2  Code  Gb  stm32f4xx_it.o [1]
CSTACK$$Base            0x200001f8           --   Gb  - Linker created -
CSTACK$$Limit           0x200005f8           --   Gb  - Linker created -
Callback01              0x0800364b    0x46  Code  Gb  main.o [1]
DebugMon_Handler        0x080056a3     0x2  Code  Gb  stm32f4xx_it.o [1]
GYROHandle              0x20004618     0x4  Data  Gb  main.o [1]
HAL_GPIO_Init           0x08002e51   0x1b6  Code  Gb  stm32f4xx_hal_gpio.o [1]
HAL_GPIO_TogglePin      0x0800300f     0x8  Code  Gb  stm32f4xx_hal_gpio.o [1]
HAL_GPIO_WritePin       0x08003007     0x8  Code  Gb  stm32f4xx_hal_gpio.o [1]
HAL_GetTick             0x08002d6b     0x6  Code  Wk  stm32f4xx_hal.o [1]
HAL_I2C_Init            0x08002029    0xc0  Code  Gb  stm32f4xx_hal_i2c.o [1]
HAL_I2C_Mem_Read        0x08002283   0x10e  Code  Gb  stm32f4xx_hal_i2c.o [1]
HAL_I2C_Mem_Write       0x0800214d    0xc6  Code  Gb  stm32f4xx_hal_i2c.o [1]
HAL_I2C_MspInit         0x08002871    0x46  Code  Gb  stm32f4xx_hal_msp.o [1]
HAL_IncTick             0x08002d61     0xa  Code  Wk  stm32f4xx_hal.o [1]
HAL_Init                0x08002d31    0x30  Code  Gb  stm32f4xx_hal.o [1]
HAL_InitTick            0x08003045    0x6c  Code  Gb  stm32f4xx_hal_timebase_TIM.o [1]
HAL_MspInit             0x08002811    0x60  Code  Gb  stm32f4xx_hal_msp.o [1]
HAL_NVIC_EnableIRQ      0x08002de7     0xc  Code  Gb  stm32f4xx_hal_cortex.o [1]
HAL_NVIC_SetPriority    0x08002dad    0x3a  Code  Gb  stm32f4xx_hal_cortex.o [1]
HAL_NVIC_SetPriorityGrouping
                        0x08002d93    0x1a  Code  Gb  stm32f4xx_hal_cortex.o [1]
HAL_RCC_ClockConfig     0x08002b51    0xfa  Code  Gb  stm32f4xx_hal_rcc.o [1]
HAL_RCC_GetClockConfig  0x08002ccd    0x34  Code  Gb  stm32f4xx_hal_rcc.o [1]
HAL_RCC_GetHCLKFreq     0x08002ca3     0x6  Code  Gb  stm32f4xx_hal_rcc.o [1]
HAL_RCC_GetPCLK1Freq    0x08002ca9    0x10  Code  Gb  stm32f4xx_hal_rcc.o [1]
HAL_RCC_GetPCLK2Freq    0x08002cb9     0xe  Code  Gb  stm32f4xx_hal_rcc.o [1]
HAL_RCC_GetSysClockFreq
                        0x08002c57    0x4c  Code  Wk  stm32f4xx_hal_rcc.o [1]
HAL_RCC_OscConfig       0x080028c5   0x284  Code  Wk  stm32f4xx_hal_rcc.o [1]
HAL_SYSTICK_CLKSourceConfig
                        0x08002e23    0x14  Code  Gb  stm32f4xx_hal_cortex.o [1]
HAL_SYSTICK_Config      0x08002dfb    0x28  Code  Gb  stm32f4xx_hal_cortex.o [1]
HAL_TIMEx_BreakCallback
                        0x0800374b     0x2  Code  Wk  stm32f4xx_hal_tim_ex.o [1]
HAL_TIMEx_CommutationCallback
                        0x08003749     0x2  Code  Wk  stm32f4xx_hal_tim_ex.o [1]
HAL_TIM_Base_Init       0x080030c1    0x1a  Code  Gb  stm32f4xx_hal_tim.o [1]
HAL_TIM_Base_MspInit    0x080030db     0x2  Code  Wk  stm32f4xx_hal_tim.o [1]
HAL_TIM_Base_Start_IT   0x080030dd    0x16  Code  Gb  stm32f4xx_hal_tim.o [1]
HAL_TIM_IC_CaptureCallback
                        0x0800325b     0x2  Code  Wk  stm32f4xx_hal_tim.o [1]
HAL_TIM_IRQHandler      0x0800310f   0x14a  Code  Gb  stm32f4xx_hal_tim.o [1]
HAL_TIM_OC_DelayElapsedCallback
                        0x08003259     0x2  Code  Wk  stm32f4xx_hal_tim.o [1]
HAL_TIM_PWM_PulseFinishedCallback
                        0x0800325d     0x2  Code  Wk  stm32f4xx_hal_tim.o [1]
HAL_TIM_PeriodElapsedCallback
                        0x080036a1     0xe  Code  Gb  main.o [1]
HAL_TIM_TriggerCallback
                        0x0800325f     0x2  Code  Wk  stm32f4xx_hal_tim.o [1]
HEAP$$Base              0x200005f8           --   Gb  - Linker created -
HEAP$$Limit             0x200007f8           --   Gb  - Linker created -
HardFault_Handler       0x0800569b     0x2  Code  Gb  stm32f4xx_it.o [1]
I2C_IsAcknowledgeFailed
                        0x080027e9    0x28  Code  Lc  stm32f4xx_hal_i2c.o [1]
I2C_RequestMemoryRead   0x08002547    0xc0  Code  Lc  stm32f4xx_hal_i2c.o [1]
I2C_RequestMemoryWrite  0x080024b5    0x7e  Code  Lc  stm32f4xx_hal_i2c.o [1]
I2C_WaitOnBTFFlagUntilTimeout
                        0x08002741    0x32  Code  Lc  stm32f4xx_hal_i2c.o [1]
I2C_WaitOnFlagUntilTimeout
                        0x08002641    0x52  Code  Lc  stm32f4xx_hal_i2c.o [1]
I2C_WaitOnMasterAddressFlagUntilTimeout
                        0x08002693    0x6c  Code  Lc  stm32f4xx_hal_i2c.o [1]
I2C_WaitOnRXNEFlagUntilTimeout
                        0x0800278f    0x3e  Code  Lc  stm32f4xx_hal_i2c.o [1]
I2C_WaitOnTXEFlagUntilTimeout
                        0x0800270f    0x32  Code  Lc  stm32f4xx_hal_i2c.o [1]
LoadInt                 0x080007d7    0x6e  Code  Lc  xprintffull.o [3]
MemManage_Handler       0x0800569d     0x2  Code  Gb  stm32f4xx_it.o [1]
NMI_Handler             0x08005699     0x2  Code  Gb  stm32f4xx_it.o [1]
NVIC_SetPriority        0x08002d79    0x1a  Code  Lc  stm32f4xx_hal_cortex.o [1]
PendSV_Handler          0x08004e49          Code  Gb  portasm.o [1]
Region$$Table$$Base     0x08005678           --   Gb  - Linker created -
Region$$Table$$Limit    0x08005698           --   Gb  - Linker created -
SVC_Handler             0x08004ea1          Code  Gb  portasm.o [1]
StartDefaultTask        0x080034bd    0x7a  Code  Gb  main.o [1]
StartGYRO               0x0800354f    0xfc  Code  Gb  main.o [1]
SysTick_Handler         0x080056a5     0x4  Code  Gb  stm32f4xx_it.o [1]
SystemClock_Config      0x08003411    0xac  Code  Gb  main.o [1]
SystemCoreClock         0x2000000c     0x4  Data  Gb  system_stm32f4xx.o [1]
SystemInit              0x080054a5    0x3a  Code  Gb  system_stm32f4xx.o [1]
TIM1_UP_TIM10_IRQHandler
                        0x080056a9     0x6  Code  Gb  stm32f4xx_it.o [1]
TIM_Base_SetConfig      0x08003261    0x90  Code  Gb  stm32f4xx_hal_tim.o [1]
UsageFault_Handler      0x080056a1     0x2  Code  Gb  stm32f4xx_it.o [1]
_Close_all              0x08005505    0x58  Code  Gb  xcloseall.o [3]
_EncodingSb_Mbtowc      0x08001edb    0x30  Code  Gb  xencoding_sb.o [3]
_EncodingSb_Wctomb      0x08001ec1    0x1a  Code  Gb  xencoding_sb.o [3]
_Files                  0x200000d0    0x20  Data  Gb  xfiles.o [3]
_Fofree                 0x0800537d    0x78  Code  Gb  xfofind.o [3]
_Fspos                  0x08004fd1    0xd6  Code  Gb  xfspos.o [3]
_Fwprep                 0x080052a5    0xb6  Code  Gb  xfwprep.o [3]
_GenldFull              0x0800105b   0x24c  Code  Lc  xprintffull.o [3]
_IsdstStr               0x20000184     0x4  Data  Gb  setlocale.o [3]
_LdtobFull              0x08000c59   0x3fc  Code  Lc  xprintffull.o [3]
_LitobFull              0x08000b51   0x106  Code  Lc  xprintffull.o [3]
_LocaleEncoding         0x08001ead     0xe  Code  Gb  setlocale.o [3]
_LocaleReturnString     0x200001a4    0x50  Data  Lc  setlocale.o [3]
_Locale_Profile         0x20000188    0x1c  Data  Gb  setlocale.o [3]
_Locale_aeabi_lconv     0x20000148    0x38  Data  Gb  localeconv.o [3]
_Locale_lconv           0x200000f8    0x50  Data  Gb  localeconv.o [3]
_Mbtowc                 0x080012ef    0x20  Code  Gb  xmbtowc.o [3]
_Nnl                    0x08005159     0xa  Code  Gb  xfgpos.o [3]
_PrintfFull             0x08000189   0x638  Code  Gb  xprintffull.o [3]
_Prout                  0x080056fd    0x16  Code  Gb  xprout.o [3]
_PutcharsFull           0x080012a7    0x2e  Code  Lc  xprintffull.o [3]
_PutstrFull             0x08000845   0x306  Code  Lc  xprintffull.o [3]
_TzoneStr               0x20000180     0x4  Data  Gb  setlocale.o [3]
_Wctomb                 0x08001475    0x1a  Code  Gb  xwctomb.o [3]
__aeabi_cdcmple         0x080016b9          Code  Gb  DblCmpLe.o [4]
__aeabi_cdrcmple        0x080016e9          Code  Gb  DblCmpGe.o [4]
__aeabi_d2iz            0x0800182d          Code  Gb  DblToI32.o [4]
__aeabi_d2uiz           0x08001859          Code  Gb  DblToI32.o [4]
__aeabi_ddiv            0x08001bd9          Code  Gb  DblDiv.o [4]
__aeabi_dmul            0x08001a35          Code  Gb  DblMul.o [4]
__aeabi_dsub            0x080018b5          Code  Gb  DblSub.o [4]
__aeabi_errno_addr      0x080051b1     0x6  Code  Gb  errno.o [3]
__aeabi_i2d             0x08001885          Code  Gb  I32ToDbl.o [4]
__aeabi_ldiv0           0x08001f4d          Code  Gb  I64DivZer.o [5]
__aeabi_ui2d            0x08001899          Code  Gb  I32ToDbl.o [4]
__aeabi_uldivmod        0x08001589          Code  Gb  I64DivMod.o [5]
__cexit_closeall        0x080056db          Code  Gb  cexit.o [5]
__close                 0x08005473    0x1a  Code  Gb  close.o [6]
__cmain                 0x080056b5          Code  Gb  cmain.o [5]
__cstart_closeall       0x08005898          Data  Gb  cstart_closeall.o [5]
__data_Aldata           0x200047b8     0x8  Data  Gb  xxmemxmalloc.o [3]
__data_GetMemChunk      0x08001f21    0x2c  Code  Gb  xgetmemchunk.o [3]
__dwrite                0x080051d1    0x1e  Code  Gb  dwrite.o [6]
__exit                  0x080056e9    0x14  Code  Gb  exit.o [6]
__iar_Dnorm             0x08001677    0x42  Code  Gb  xdnorm.o [4]
__iar_Dscale            0x08001719   0x114  Code  Gb  xdscale.o [4]
__iar_Errno             0x200001f4     0x4  Data  Gb  errno.o [3]
__iar_Locale_lconv_init
                        0x08001e31    0x3a  Code  Gb  localeconv.o [3]
__iar_Lockfilelock      0x080051bd     0x2  Code  Gb  xsyslock_nop.o [3]
__iar_Mbcurmax          0x080013b9     0xa  Code  Gb  xmbcurmax.o [3]
__iar_Memchr            0x08001361          Code  Gb  memchr.o [5]
__iar_Stderr            0x20000090    0x40  Data  Gb  xfiles.o [3]
__iar_Stdin             0x20000010    0x40  Data  Gb  xfiles.o [3]
__iar_Stdout            0x20000050    0x40  Data  Gb  xfiles.o [3]
__iar_Strchr            0x08001311          Code  Gb  strchr.o [5]
__iar_Unlockfilelock    0x080051bf     0x2  Code  Gb  xsyslock_nop.o [3]
__iar_close_ttio        0x08005231    0x2e  Code  Gb  iarttio.o [6]
__iar_d2uiz             0x08001865          Code  Gb  DblToI32.o [4]
__iar_dadd              0x08001f51          Code  Gb  DblAdd.o [4]
__iar_data_init3        0x0800562d    0x28  Code  Gb  data_init.o [5]
__iar_dlib_perthread_access
                        0x08002025     0x2  Code  Gb  xtls.o [3]
__iar_dsub              0x080018c9          Code  Gb  DblSub.o [4]
__iar_dsubStart         0x080018db          Code  Gb  DblSub.o [4]
__iar_get_ttio          0x08005261    0x38  Code  Gb  iarttio.o [6]
__iar_init_vfp          0x08005655          Code  Gb  fpinit_M.o [4]
__iar_lookup_ttioh      0x0800529d     0x8  Code  Gb  XShttio.o [3]
__iar_packbits_init_single3
                        0x080055f3    0x38  Code  Gb  packbits_init_single.o [5]
__iar_program_start     0x08005745          Code  Gb  cstartup_M.o [5]
__iar_sh_Discard        0x08004ef1    0x44  Code  Gb  XShHandles.o [3]
__iar_sh_Move           0x08004f3b    0x4c  Code  Gb  XShHandles.o [3]
__iar_sh_Pos            0x08004f87    0x44  Code  Gb  XShHandles.o [3]
__iar_sh_stdout         0x080051ef    0x20  Code  Gb  iarwstd.o [6]
__iar_sh_write          0x0800520f    0x22  Code  Gb  iarwrite.o [6]
__iar_ttio_handles      0x200000f0     0x8  Data  Lc  XShttio.o [3]
__iar_ui2d              0x0800189d          Code  Gb  I32ToDbl.o [4]
__iar_unaligned___aeabi_memcpy
                        0x08001491          Code  Gb  ABImemcpy_unaligned.o [5]
__iar_unaligned___aeabi_memcpy4
                        0x080014b1          Code  Gb  ABImemcpy_unaligned.o [5]
__iar_unaligned___aeabi_memcpy8
                        0x080014b1          Code  Gb  ABImemcpy_unaligned.o [5]
__iar_zero_init3        0x080055b3    0x40  Code  Gb  zero_init3.o [5]
__low_level_init        0x080056cf     0x4  Code  Gb  low_level_init.o [3]
__lseek                 0x08005163    0x4c  Code  Gb  lseek.o [6]
__vector_table          0x08000000          Data  Gb  startup_stm32f407xx.o [1]
__write                 0x080051c1    0x10  Code  Gb  write.o [6]
_call_main              0x080056c1          Code  Gb  cmain.o [5]
_exit                   0x080056d9          Code  Gb  cexit.o [5]
_main                   0x080056cb          Code  Gb  cmain.o [5]
check                   0x200045bd     0x1  Data  Lc  main.o [1]
data                    0x200045bc     0x1  Data  Gb  main.o [1]
defaultTaskHandle       0x20004614     0x4  Data  Gb  main.o [1]
div                     0x08001e9d     0xe  Code  Gb  div.o [3]
ebuf                    0x20004634    0x50  Data  Lc  xfiles.o [3]
exit                    0x080056d3     0x4  Code  Gb  exit.o [3]
fclose                  0x080053f9    0x7a  Code  Gb  fclose.o [3]
fflush                  0x0800511f    0x34  Code  Gb  fflush.o [3]
fflushOne               0x080050a9    0x76  Code  Lc  fflush.o [3]
fputc                   0x0800555d    0x56  Code  Gb  fputc.o [3]
free                    0x08001509    0x7a  Code  Gb  xxmemxfree.o [3]
fseek                   0x0800535b    0x22  Code  Gb  fseek.o [3]
hi2c1                   0x200045c0    0x54  Data  Gb  main.o [1]
htim1                   0x20004714    0x3c  Data  Gb  stm32f4xx_hal_timebase_TIM.o [1]
inHandlerMode           0x08003759     0xc  Code  Lc  cmsis_os.o [1]
localeconv              0x08001e6b    0x16  Code  Gb  localeconv.o [3]
main                    0x08003321    0xf0  Code  Gb  main.o [1]
makeFreeRtosPriority    0x0800374d     0xc  Code  Lc  cmsis_os.o [1]
malloc                  0x080013c5    0xac  Code  Gb  xxmemxmalloc.o [3]
memchr                  0x08001361          Code  Gb  memchr.o [5]
myQueue01Handle         0x2000461c     0x4  Data  Gb  main.o [1]
myTimer01Handle         0x20004620     0x4  Data  Gb  main.o [1]
obuf                    0x20004684    0x50  Data  Lc  xfiles.o [3]
osDelay                 0x0800379b     0xe  Code  Gb  cmsis_os.o [1]
osKernelStart           0x08003765     0xa  Code  Gb  cmsis_os.o [1]
osMessageCreate         0x08003825     0xa  Code  Gb  cmsis_os.o [1]
osMessageGet            0x08003875    0x62  Code  Gb  cmsis_os.o [1]
osMessagePut            0x0800382f    0x46  Code  Gb  cmsis_os.o [1]
osSystickHandler        0x080038eb    0x14  Code  Gb  cmsis_os.o [1]
osThreadCreate          0x0800376f    0x2c  Code  Gb  cmsis_os.o [1]
osTimerCreate           0x080037a9    0x1a  Code  Gb  cmsis_os.o [1]
osTimerStart            0x080037c3    0x48  Code  Gb  cmsis_os.o [1]
pdata                   0x20004624    0x10  Data  Lc  main.o [1]
printf                  0x08003901    0x24  Code  Gb  printf.o [3]
prvAddCurrentTaskToDelayedList
                        0x08004039    0x68  Code  Lc  tasks.o [1]
prvAddNewTaskToReadyList
                        0x080039f5    0xa6  Code  Lc  tasks.o [1]
prvCheckForValidListAndQueue
                        0x080043c5    0x46  Code  Lc  timers.o [1]
prvCopyDataFromQueue    0x0800490d    0x26  Code  Lc  queue.o [1]
prvCopyDataToQueue      0x080048a5    0x68  Code  Lc  queue.o [1]
prvDeleteTCB            0x08003ea1    0x14  Code  Lc  tasks.o [1]
prvIdleTask             0x08003e39    0x54  Code  Lc  tasks.o [1]
prvInitialiseNewQueue   0x080044df    0x16  Code  Lc  queue.o [1]
prvInitialiseNewTask    0x0800397d    0x78  Code  Lc  tasks.o [1]
prvInitialiseNewTimer   0x08004117    0x38  Code  Lc  timers.o [1]
prvInsertBlockIntoFreeList
                        0x08004d6b    0x46  Code  Lc  heap_4.o [1]
prvInsertTimerInActiveList
                        0x080042e7    0x34  Code  Lc  timers.o [1]
prvIsQueueEmpty         0x08004999    0x16  Code  Lc  queue.o [1]
prvProcessReceivedCommands
                        0x0800431d    0xa8  Code  Lc  timers.o [1]
prvProcessTimerOrBlockTask
                        0x080041c3    0x9a  Code  Lc  timers.o [1]
prvResetNextTaskUnblockTime
                        0x08003eb5    0x1c  Code  Lc  tasks.o [1]
prvSampleTimeNow        0x0800425d    0x7a  Code  Lc  timers.o [1]
prvTaskExitError        0x08004a49    0x28  Code  Lc  port.o [1]
prvTimerTask            0x080041a1    0x22  Code  Lc  timers.o [1]
prvUnlockQueue          0x08004933    0x66  Code  Lc  queue.o [1]
putchar                 0x08005715     0xc  Code  Gb  putchar.o [3]
pvPortMalloc            0x08004c0d    0xfa  Code  Gb  heap_4.o [1]
pvTaskIncrementMutexHeldCount
                        0x08003ff3    0x14  Code  Gb  tasks.o [1]
pxCurrentTCB            0x20004438     0x4  Data  Gb  tasks.o [1]
pxCurrentTimerList      0x20004750     0x4  Data  Lc  timers.o [1]
pxDelayedTaskList       0x2000443c     0x4  Data  Lc  tasks.o [1]
pxEnd                   0x20000800     0x4  Data  Lc  heap_4.o [1]
pxOverflowDelayedTaskList
                        0x20004440     0x4  Data  Lc  tasks.o [1]
pxOverflowTimerList     0x20004754     0x4  Data  Lc  timers.o [1]
pxPortInitialiseStack   0x08004a21    0x26  Code  Gb  port.o [1]
pxReadyTasksLists       0x200044b0    0x8c  Data  Lc  tasks.o [1]
remove                  0x0800548d    0x16  Code  Gb  remove.o [6]
sFileInfo               0x2000453c    0x80  Data  Lc  XShHandles.o [3]
strchr                  0x08001311          Code  Gb  strchr.o [5]
strlen                  0x08001329          Code  Gb  strlen.o [5]
ucHeap                  0x20000810  0x3c00  Data  Lc  heap_4.o [1]
ucMaxSysCallPriority    0x20000000     0x1  Data  Lc  port.o [1]
ulMaxPRIGROUPValue      0x20000008     0x4  Data  Lc  port.o [1]
uwTick                  0x200047c0     0x4  Data  Gb  stm32f4xx_hal.o [1]
uxCriticalNesting       0x20000004     0x4  Data  Lc  port.o [1]
uxCurrentNumberOfTasks  0x2000445c     0x4  Data  Lc  tasks.o [1]
uxDeletedTasksWaitingCleanUp
                        0x20004444     0x4  Data  Lc  tasks.o [1]
uxListRemove            0x08004e23    0x24  Code  Gb  list.o [1]
uxPendedTicks           0x2000446c     0x4  Data  Lc  tasks.o [1]
uxSchedulerSuspended    0x20004480     0x4  Data  Lc  tasks.o [1]
uxTaskNumber            0x20004478     0x4  Data  Lc  tasks.o [1]
uxTopReadyPriority      0x20004464     0x4  Data  Lc  tasks.o [1]
vListInitialise         0x08004db9    0x1a  Code  Gb  list.o [1]
vListInitialiseItem     0x08004dd3     0x6  Code  Gb  list.o [1]
vListInsert             0x08004df1    0x32  Code  Gb  list.o [1]
vListInsertEnd          0x08004dd9    0x18  Code  Gb  list.o [1]
vPortEnableVFP          0x08004ed5          Code  Gb  portasm.o [1]
vPortEnterCritical      0x08004b09    0x32  Code  Gb  port.o [1]
vPortExitCritical       0x08004b3b    0x24  Code  Gb  port.o [1]
vPortFree               0x08004d19    0x44  Code  Gb  heap_4.o [1]
vPortSetupTimerInterrupt
                        0x08004b85    0x18  Code  Wk  port.o [1]
vPortStartFirstTask     0x08004ebd          Code  Gb  portasm.o [1]
vPortValidateInterruptPriority
                        0x08004b9d    0x42  Code  Gb  port.o [1]
vQueueAddToRegistry     0x080049af    0x20  Code  Gb  queue.o [1]
vQueueWaitForMessageRestricted
                        0x080049d9    0x48  Code  Gb  queue.o [1]
vTaskDelay              0x08003a9b    0x28  Code  Gb  tasks.o [1]
vTaskMissedYield        0x08003e2f     0xa  Code  Gb  tasks.o [1]
vTaskPlaceOnEventList   0x08003cff    0x14  Code  Gb  tasks.o [1]
vTaskPlaceOnEventListRestricted
                        0x08003d17    0x1e  Code  Gb  tasks.o [1]
vTaskPriorityInherit    0x08003ee9    0x6e  Code  Gb  tasks.o [1]
vTaskSetTimeOutState    0x08003db7    0x20  Code  Gb  tasks.o [1]
vTaskStartScheduler     0x08003acd    0x5e  Code  Gb  tasks.o [1]
vTaskSuspendAll         0x08003b2b     0xc  Code  Gb  tasks.o [1]
vTaskSwitchContext      0x08003cad    0x52  Code  Gb  tasks.o [1]
xActiveTimerList1       0x20004764    0x14  Data  Lc  timers.o [1]
xActiveTimerList2       0x20004778    0x14  Data  Lc  timers.o [1]
xBlockAllocatedBit      0x2000080c     0x4  Data  Lc  heap_4.o [1]
xDelayedTaskList1       0x20004484    0x14  Data  Lc  tasks.o [1]
xDelayedTaskList2       0x20004498    0x14  Data  Lc  tasks.o [1]
xFreeBytesRemaining     0x20000804     0x4  Data  Lc  heap_4.o [1]
xIdleTaskHandle         0x200044ac     0x4  Data  Lc  tasks.o [1]
xMinimumEverFreeBytesRemaining
                        0x20000808     0x4  Data  Lc  heap_4.o [1]
xNextTaskUnblockTime    0x2000447c     0x4  Data  Lc  tasks.o [1]
xNumOfOverflows         0x20004474     0x4  Data  Lc  tasks.o [1]
xPendingReadyList       0x20004410    0x14  Data  Lc  tasks.o [1]
xPortStartScheduler     0x08004a71    0x84  Code  Gb  port.o [1]
xPortSysTickHandler     0x08004b5f    0x26  Code  Gb  port.o [1]
xQueueGenericCreate     0x080044a3    0x3c  Code  Gb  queue.o [1]
xQueueGenericReceive    0x080046bd   0x14e  Code  Gb  queue.o [1]
xQueueGenericReset      0x08004425    0x7e  Code  Gb  queue.o [1]
xQueueGenericSend       0x080044f5   0x132  Code  Gb  queue.o [1]
xQueueGenericSendFromISR
                        0x08004627    0x96  Code  Gb  queue.o [1]
xQueueReceiveFromISR    0x08004813    0x7c  Code  Gb  queue.o [1]
xQueueRegistry          0x200046d4    0x40  Data  Gb  queue.o [1]
xSchedulerRunning       0x20004468     0x4  Data  Lc  tasks.o [1]
xStart                  0x200007f8     0x8  Data  Lc  heap_4.o [1]
xSuspendedTaskList      0x20004448    0x14  Data  Lc  tasks.o [1]
xTaskCheckForTimeOut    0x08003dd7    0x50  Code  Gb  tasks.o [1]
xTaskCreate             0x08003925    0x58  Code  Gb  tasks.o [1]
xTaskGetSchedulerState  0x08003ed1    0x18  Code  Gb  tasks.o [1]
xTaskGetTickCount       0x08003bdd     0x8  Code  Gb  tasks.o [1]
xTaskIncrementTick      0x08003be5    0xb4  Code  Gb  tasks.o [1]
xTaskPriorityDisinherit
                        0x08003f57    0x7a  Code  Gb  tasks.o [1]
xTaskRemoveFromEventList
                        0x08003d51    0x52  Code  Gb  tasks.o [1]
xTaskResumeAll          0x08003b37    0x92  Code  Gb  tasks.o [1]
xTasksWaitingTermination
                        0x20004424    0x14  Data  Lc  tasks.o [1]
xTickCount              0x20004460     0x4  Data  Lc  tasks.o [1]
xTimerCreate            0x080040e9    0x2e  Code  Gb  timers.o [1]
xTimerCreateTimerTask   0x080040b5    0x34  Code  Gb  timers.o [1]
xTimerGenericCommand    0x0800414f    0x50  Code  Gb  timers.o [1]
xTimerQueue             0x20004758     0x4  Data  Lc  timers.o [1]
xTimerTaskHandle        0x2000475c     0x4  Data  Lc  timers.o [1]
xYieldPending           0x20004470     0x4  Data  Lc  tasks.o [1]


[1] = D:\USER\(D)\대학\RATS\소프트웨어\cubemx\test\FreeRTOS\Balancing\I2C_MPU6050\EWARM\I2C_MPU6050\Obj
[2] = command line
[3] = dl7M_tlf.a
[4] = m7M_tls.a
[5] = rt7M_tl.a
[6] = shb_l.a

  22 618 bytes of readonly  code memory
     205 bytes of readonly  data memory
  18 376 bytes of readwrite data memory

Errors: none
Warnings: none
